SwiftCompile normal arm64 Compiling\ InboxView.swift /Users/wilsonlee/Desktop/SimpleTaskV2/SimpleTaskV2/InboxView.swift (in target 'SimpleTaskV2' from project 'SimpleTaskV2')

SwiftCompile normal arm64 /Users/wilsonlee/Desktop/SimpleTaskV2/SimpleTaskV2/InboxView.swift (in target 'SimpleTaskV2' from project 'SimpleTaskV2')
    cd /Users/wilsonlee/Desktop/SimpleTaskV2
    
/Users/wilsonlee/Desktop/SimpleTaskV2/SimpleTaskV2/InboxView.swift:360:26: error: cannot find '$habitToEdit' in scope
            .sheet(item: $habitToEdit) { habit in
                         ^~~~~~~~~~~~

Failed frontend command:
/Applications/Xcode.app/Contents/Developer/Toolchains/XcodeDefault.xctoolchain/usr/bin/swift-frontend -frontend -c /Users/wilsonlee/Desktop/SimpleTaskV2/SimpleTaskV2/AddHabitView.swift /Users/wilsonlee/Desktop/SimpleTaskV2/SimpleTaskV2/AddTaskView.swift /Users/wilsonlee/Desktop/SimpleTaskV2/SimpleTaskV2/AIActionsSheet.swift /Users/wilsonlee/Desktop/SimpleTaskV2/SimpleTaskV2/ArchiveView.swift /Users/wilsonlee/Desktop/SimpleTaskV2/SimpleTaskV2/DataModels.swift /Users/wilsonlee/Desktop/SimpleTaskV2/SimpleTaskV2/DesignTokens.swift /Users/wilsonlee/Desktop/SimpleTaskV2/SimpleTaskV2/DynamicBackgroundView.swift /Users/wilsonlee/Desktop/SimpleTaskV2/SimpleTaskV2/EveningReviewView.swift /Users/wilsonlee/Desktop/SimpleTaskV2/SimpleTaskV2/EventKitManager.swift /Users/wilsonlee/Desktop/SimpleTaskV2/SimpleTaskV2/GeminiManager.swift /Users/wilsonlee/Desktop/SimpleTaskV2/SimpleTaskV2/GlobalSearchView.swift /Users/wilsonlee/Desktop/SimpleTaskV2/SimpleTaskV2/GoogleWorkspaceManager.swift /Users/wilsonlee/Desktop/SimpleTaskV2/SimpleTaskV2/HabitsView.swift /Users/wilsonlee/Desktop/SimpleTaskV2/SimpleTaskV2/HapticAndSoundManager.swift -primary-file /Users/wilsonlee/Desktop/SimpleTaskV2/SimpleTaskV2/InboxView.swift /Users/wilsonlee/Desktop/SimpleTaskV2/SimpleTaskV2/KeychainManager.swift /Users/wilsonlee/Desktop/SimpleTaskV2/SimpleTaskV2/MainTabView.swift /Users/wilsonlee/Desktop/SimpleTaskV2/SimpleTaskV2/MenuComponents.swift /Users/wilsonlee/Desktop/SimpleTaskV2/SimpleTaskV2/MorningApprovalView.swift /Users/wilsonlee/Desktop/SimpleTaskV2/SimpleTaskV2/NotificationManager.swift /Users/wilsonlee/Desktop/SimpleTaskV2/SimpleTaskV2/PageIndicatorPill.swift /Users/wilsonlee/Desktop/SimpleTaskV2/SimpleTaskV2/patch.swift /Users/wilsonlee/Desktop/SimpleTaskV2/SimpleTaskV2/ReorderListsSheet.swift /Users/wilsonlee/Desktop/SimpleTaskV2/TaskWidget/TaskWidget.swift /Users/wilsonlee/Desktop/SimpleTaskV2/SimpleTaskV2/ScrollViewIntrospector.swift /Users/wilsonlee/Desktop/SimpleTaskV2/SimpleTaskV2/SettingsView.swift /Users/wilsonlee/Desktop/SimpleTaskV2/SimpleTaskV2/SimpleTaskV2App.swift /Users/wilsonlee/Desktop/SimpleTaskV2/SimpleTaskV2/SmartNotificationScheduler.swift /Users/wilsonlee/Desktop/SimpleTaskV2/SimpleTaskV2/StatsView.swift /Users/wilsonlee/Desktop/SimpleTaskV2/SimpleTaskV2/SubtaskRowView.swift /Users/wilsonlee/Desktop/SimpleTaskV2/SimpleTaskV2/SubtasksSheet.swift /Users/wilsonlee/Desktop/SimpleTaskV2/SimpleTaskV2/SwipeOption.swift /Users/wilsonlee/Desktop/SimpleTaskV2/SimpleTaskV2/SwipeRowModifier.swift /Users/wilsonlee/Desktop/SimpleTaskV2/SimpleTaskV2/TaskRowView.swift /Users/wilsonlee/Desktop/SimpleTaskV2/SimpleTaskV2/test_header.swift /Users/wilsonlee/Desktop/SimpleTaskV2/SimpleTaskV2/TimerView.swift /Users/wilsonlee/Desktop/SimpleTaskV2/SimpleTaskV2/TopPanGestureController.swift /Users/wilsonlee/Desktop/SimpleTaskV2/SimpleTaskV2/VoiceCaptureManager.swift /Users/wilsonlee/Desktop/SimpleTaskV2/SimpleTaskV2/VoiceCaptureOverlayView.swift /Users/wilsonlee/Library/Developer/Xcode/DerivedData/SimpleTaskV2-acaltorinktlkpdrnewrufjkerjy/Build/Intermediates.noindex/SimpleTaskV2.build/Debug-iphonesimulator/SimpleTaskV2.build/DerivedSources/GeneratedAssetSymbols.swift -emit-dependencies-path /Users/wilsonlee/Library/Developer/Xcode/DerivedData/SimpleTaskV2-acaltorinktlkpdrnewrufjkerjy/Build/Intermediates.noindex/SimpleTaskV2.build/Debug-iphonesimulator/SimpleTaskV2.build/Objects-normal/arm64/InboxView.d -emit-const-values-path /Users/wilsonlee/Library/Developer/Xcode/DerivedData/SimpleTaskV2-acaltorinktlkpdrnewrufjkerjy/Build/Intermediates.noindex/SimpleTaskV2.build/Debug-iphonesimulator/SimpleTaskV2.build/Objects-normal/arm64/InboxView.swiftconstvalues -emit-reference-dependencies-path /Users/wilsonlee/Library/Developer/Xcode/DerivedData/SimpleTaskV2-acaltorinktlkpdrnewrufjkerjy/Build/Intermediates.noindex/SimpleTaskV2.build/Debug-iphonesimulator/SimpleTaskV2.build/Objects-normal/arm64/InboxView.swiftdeps -serialize-diagnostics-path /Users/wilsonlee/Library/Developer/Xcode/DerivedData/SimpleTaskV2-acaltorinktlkpdrnewrufjkerjy/Build/Intermediates.noindex/SimpleTaskV2.build/Debug-iphonesimulator/SimpleTaskV2.build/Objects-normal/arm64/InboxView.dia -emit-localized-strings -emit-localized-strings-path /Users/wilsonlee/Library/Developer/Xcode/DerivedData/SimpleTaskV2-acaltorinktlkpdrnewrufjkerjy/Build/Intermediates.noindex/SimpleTaskV2.build/Debug-iphonesimulator/SimpleTaskV2.build/Objects-normal/arm64 -target arm64-apple-ios26.2-simulator -module-can-import-version DeveloperToolsSupport 23.40.26 23.40.26 -module-can-import-version SwiftUI 7.5.3 7.5.3 -module-can-import-version UIKit 9126.5.5.2 9126.5.5 -disable-cross-import-overlay-search -swift-module-cross-import AppIntents /Applications/Xcode.app/Contents/Developer/Platforms/iPhoneSimulator.platform/Developer/SDKs/iPhoneSimulator.sdk/System/Library/Frameworks/AppIntents.framework/Modules/AppIntents.swiftcrossimport/SwiftUI.swiftoverlay -swift-module-cross-import AppIntents /Applications/Xcode.app/Contents/Developer/Platforms/iPhoneSimulator.platform/Developer/SDKs/iPhoneSimulator.sdk/System/Library/Frameworks/AppIntents.framework/Modules/AppIntents.swiftcrossimport/UIKit.swiftoverlay -swift-module-cross-import AppIntents /Applications/Xcode.app/Contents/Developer/Platforms/iPhoneSimulator.platform/Developer/SDKs/iPhoneSimulator26.5.sdk/System/Library/Frameworks/AppIntents.framework/Modules/AppIntents.swiftcrossimport/SwiftUI.swiftoverlay -swift-module-cross-import AppIntents /Applications/Xcode.app/Contents/Developer/Platforms/iPhoneSimulator.platform/Developer/SDKs/iPhoneSimulator26.5.sdk/System/Library/Frameworks/AppIntents.framework/Modules/AppIntents.swiftcrossimport/UIKit.swiftoverlay -swift-module-cross-import PhotosUI /Applications/Xcode.app/Contents/Developer/Platforms/iPhoneSimulator.platform/Developer/SDKs/iPhoneSimulator.sdk/System/Library/Frameworks/PhotosUI.framework/Modules/PhotosUI.swiftcrossimport/SwiftUI.swiftoverlay -swift-module-cross-import PhotosUI /Applications/Xcode.app/Contents/Developer/Platforms/iPhoneSimulator.platform/Developer/SDKs/iPhoneSimulator.sdk/System/Library/Frameworks/PhotosUI.framework/Modules/PhotosUI.swiftcrossimport/WidgetKit.swiftoverlay -swift-module-cross-import PhotosUI /Applications/Xcode.app/Contents/Developer/Platforms/iPhoneSimulator.platform/Developer/SDKs/iPhoneSimulator26.5.sdk/System/Library/Frameworks/PhotosUI.framework/Modules/PhotosUI.swiftcrossimport/SwiftUI.swiftoverlay -swift-module-cross-import PhotosUI /Applications/Xcode.app/Contents/Developer/Platforms/iPhoneSimulator.platform/Developer/SDKs/iPhoneSimulator26.5.sdk/System/Library/Frameworks/PhotosUI.framework/Modules/PhotosUI.swiftcrossimport/WidgetKit.swiftoverlay -swift-module-cross-import RelevanceKit /Applications/Xcode.app/Contents/Developer/Platforms/iPhoneSimulator.platform/Developer/SDKs/iPhoneSimulator.sdk/System/Library/Frameworks/RelevanceKit.framework/Modules/RelevanceKit.swiftcrossimport/MapKit.swiftoverlay -swift-module-cross-import RelevanceKit /Applications/Xcode.app/Contents/Developer/Platforms/iPhoneSimulator.platform/Developer/SDKs/iPhoneSimulator26.5.sdk/System/Library/Frameworks/RelevanceKit.framework/Modules/RelevanceKit.swiftcrossimport/MapKit.swiftoverlay -swift-module-cross-import SwiftData /Applications/Xcode.app/Contents/Developer/Platforms/iPhoneSimulator.platform/Developer/SDKs/iPhoneSimulator26.5.sdk/System/Library/Frameworks/SwiftData.framework/Modules/SwiftData.swiftcrossimport/CoreData.swiftoverlay -swift-module-cross-import SwiftData /Applications/Xcode.app/Contents/Developer/Platforms/iPhoneSimulator.platform/Developer/SDKs/iPhoneSimulator26.5.sdk/System/Library/Frameworks/SwiftData.framework/Modules/SwiftData.swiftcrossimport/SwiftUI.swiftoverlay -load-resolved-plugin /Applications/Xcode.app/Contents/Developer/Platforms/iPhoneOS.platform/Developer/usr/lib/swift/host/plugins/libAppIntentsMacros.dylib\#/Applications/Xcode.app/Contents/Developer/Platforms/iPhoneOS.platform/Developer/usr/bin/swift-plugin-server\#AppIntentsMacros -load-resolved-plugin /Applications/Xcode.app/Contents/Developer/Platforms/iPhoneOS.platform/Developer/usr/lib/swift/host/plugins/libFoundationMacros.dylib\#/Applications/Xcode.app/Contents/Developer/Platforms/iPhoneOS.platform/Developer/usr/bin/swift-plugin-server\#FoundationMacros -load-resolved-plugin /Applications/Xcode.app/Contents/Developer/Platforms/iPhoneOS.platform/Developer/usr/lib/swift/host/plugins/libObservationMacros.dylib\#/Applications/Xcode.app/Contents/Developer/Platforms/iPhoneOS.platform/Developer/usr/bin/swift-plugin-server\#ObservationMacros -load-resolved-plugin /Applications/Xcode.app/Contents/Developer/Platforms/iPhoneOS.platform/Developer/usr/lib/swift/host/plugins/libPreviewsMacros.dylib\#/Applications/Xcode.app/Contents/Developer/Platforms/iPhoneOS.platform/Developer/usr/bin/swift-plugin-server\#PreviewsMacros -load-resolved-plugin /Applications/Xcode.app/Contents/Developer/Platforms/iPhoneOS.platform/Developer/usr/lib/swift/host/plugins/libSwiftDataMacros.dylib\#/Applications/Xcode.app/Contents/Developer/Platforms/iPhoneOS.platform/Developer/usr/bin/swift-plugin-server\#SwiftDataMacros -load-resolved-plugin /Applications/Xcode.app/Contents/Developer/Platforms/iPhoneOS.platform/Developer/usr/lib/swift/host/plugins/libSwiftMacros.dylib\#/Applications/Xcode.app/Contents/Developer/Platforms/iPhoneOS.platform/Developer/usr/bin/swift-plugin-server\#SwiftMacros -load-resolved-plugin /Applications/Xcode.app/Contents/Developer/Platforms/iPhoneOS.platform/Developer/usr/lib/swift/host/plugins/libSwiftUIMacros.dylib\#/Applications/Xcode.app/Contents/Developer/Platforms/iPhoneOS.platform/Developer/usr/bin/swift-plugin-server\#SwiftUIMacros -disable-implicit-swift-modules -Xcc -fno-implicit-modules -Xcc -fno-implicit-module-maps -explicit-swift-module-map-file /Users/wilsonlee/Library/Developer/Xcode/DerivedData/SimpleTaskV2-acaltorinktlkpdrnewrufjkerjy/Build/Intermediates.noindex/SimpleTaskV2.build/Debug-iphonesimulator/SimpleTaskV2.build/Objects-normal/arm64/SimpleTaskV2-dependencies-1.json -debug-module-path /Users/wilsonlee/Library/Developer/Xcode/DerivedData/SimpleTaskV2-acaltorinktlkpdrnewrufjkerjy/Build/Intermediates.noindex/SimpleTaskV2.build/Debug-iphonesimulator/SimpleTaskV2.build/Objects-normal/arm64/SimpleTaskV2.swiftmodule -Xllvm -aarch64-use-tbi -enable-objc-interop -sdk /Applications/Xcode.app/Contents/Developer/Platforms/iPhoneSimulator.platform/Developer/SDKs/iPhoneSimulator26.5.sdk -I /Users/wilsonlee/Library/Developer/Xcode/DerivedData/SimpleTaskV2-acaltorinktlkpdrnewrufjkerjy/Build/Products/Debug-iphonesimulator -F /Users/wilsonlee/Library/Developer/Xcode/DerivedData/SimpleTaskV2-acaltorinktlkpdrnewrufjkerjy/Build/Products/Debug-iphonesimulator/PackageFrameworks -F /Users/wilsonlee/Library/Developer/Xcode/DerivedData/SimpleTaskV2-acaltorinktlkpdrnewrufjkerjy/Build/Products/Debug-iphonesimulator/PackageFrameworks -F /Users/wilsonlee/Library/Developer/Xcode/DerivedData/SimpleTaskV2-acaltorinktlkpdrnewrufjkerjy/Build/Products/Debug-iphonesimulator/PackageFrameworks -F /Users/wilsonlee/Library/Developer/Xcode/DerivedData/SimpleTaskV2-acaltorinktlkpdrnewrufjkerjy/Build/Products/Debug-iphonesimulator/PackageFrameworks -F /Users/wilsonlee/Library/Developer/Xcode/DerivedData/SimpleTaskV2-acaltorinktlkpdrnewrufjkerjy/Build/Products/Debug-iphonesimulator/PackageFrameworks -F /Users/wilsonlee/Library/Developer/Xcode/DerivedData/SimpleTaskV2-acaltorinktlkpdrnewrufjkerjy/Build/Products/Debug-iphonesimulator/PackageFrameworks -F /Users/wilsonlee/Library/Developer/Xcode/DerivedData/SimpleTaskV2-acaltorinktlkpdrnewrufjkerjy/Build/Products/Debug-iphonesimulator/PackageFrameworks -F /Users/wilsonlee/Library/Developer/Xcode/DerivedData/SimpleTaskV2-acaltorinktlkpdrnewrufjkerjy/Build/Products/Debug-iphonesimulator/PackageFrameworks -F /Users/wilsonlee/Library/Developer/Xcode/DerivedData/SimpleTaskV2-acaltorinktlkpdrnewrufjkerjy/Build/Products/Debug-iphonesimulator/PackageFrameworks -F /Users/wilsonlee/Library/Developer/Xcode/DerivedData/SimpleTaskV2-acaltorinktlkpdrnewrufjkerjy/Build/Products/Debug-iphonesimulator/PackageFrameworks -F /Users/wilsonlee/Library/Developer/Xcode/DerivedData/SimpleTaskV2-acaltorinktlkpdrnewrufjkerjy/Build/Products/Debug-iphonesimulator/PackageFrameworks -F /Users/wilsonlee/Library/Developer/Xcode/DerivedData/SimpleTaskV2-acaltorinktlkpdrnewrufjkerjy/Build/Products/Debug-iphonesimulator/PackageFrameworks -F /Users/wilsonlee/Library/Developer/Xcode/DerivedData/SimpleTaskV2-acaltorinktlkpdrnewrufjkerjy/Build/Products/Debug-iphonesimulator -no-color-diagnostics -Xcc -fno-color-diagnostics -enable-testing -g -debug-info-format\=dwarf -dwarf-version\=5 -module-cache-path /Users/wilsonlee/Library/Developer/Xcode/DerivedData/SimpleTaskV2-acaltorinktlkpdrnewrufjkerjy/Build/Intermediates.noindex/SwiftExplicitPrecompiledModules -profile-generate -profile-coverage-mapping -swift-version 5 -Onone -D DEBUG -serialize-debugging-options -const-gather-protocols-file /Users/wilsonlee/Library/Developer/Xcode/DerivedData/SimpleTaskV2-acaltorinktlkpdrnewrufjkerjy/Build/Intermediates.noindex/SimpleTaskV2.build/Debug-iphonesimulator/SimpleTaskV2.build/Objects-normal/arm64/SimpleTaskV2_const_extract_protocols.json -enable-upcoming-feature DisableOutwardActorInference -enable-upcoming-feature InferSendableFromCaptures -enable-upcoming-feature GlobalActorIsolatedTypesUsability -enable-upcoming-feature MemberImportVisibility -enable-upcoming-feature InferIsolatedConformances -enable-upcoming-feature NonisolatedNonsendingByDefault -enable-experimental-feature DebugDescriptionMacro -enable-bare-slash-regex -default-isolation\=MainActor -empty-abi-descriptor -validate-clang-modules-once -clang-build-session-file /Users/wilsonlee/Library/Developer/Xcode/DerivedData/ModuleCache.noindex/Session.modulevalidation -Xcc -working-directory -Xcc /Users/wilsonlee/Desktop/SimpleTaskV2 -enable-anonymous-context-mangled-names -file-compilation-dir /Users/wilsonlee/Desktop/SimpleTaskV2 -Xcc -fmodule-map-file\=/Users/wilsonlee/Library/Developer/Xcode/DerivedData/SimpleTaskV2-acaltorinktlkpdrnewrufjkerjy/Build/Intermediates.noindex/GeneratedModuleMaps-iphonesimulator/AppAuth.modulemap -Xcc -fmodule-map-file\=/Users/wilsonlee/Library/Developer/Xcode/DerivedData/SimpleTaskV2-acaltorinktlkpdrnewrufjkerjy/Build/Intermediates.noindex/GeneratedModuleMaps-iphonesimulator/AppAuthCore.modulemap -Xcc -fmodule-map-file\=/Users/wilsonlee/Library/Developer/Xcode/DerivedData/SimpleTaskV2-acaltorinktlkpdrnewrufjkerjy/Build/Intermediates.noindex/GeneratedModuleMaps-iphonesimulator/GoogleUtilities-Logger.modulemap -Xcc -fmodule-map-file\=/Users/wilsonlee/Library/Developer/Xcode/DerivedData/SimpleTaskV2-acaltorinktlkpdrnewrufjkerjy/Build/Intermediates.noindex/GeneratedModuleMaps-iphonesimulator/GoogleUtilities-Environment.modulemap -Xcc -fmodule-map-file\=/Users/wilsonlee/Library/Developer/Xcode/DerivedData/SimpleTaskV2-acaltorinktlkpdrnewrufjkerjy/Build/Intermediates.noindex/GeneratedModuleMaps-iphonesimulator/third-party-IsAppEncrypted.modulemap -Xcc -fmodule-map-file\=/Users/wilsonlee/Library/Developer/Xcode/DerivedData/SimpleTaskV2-acaltorinktlkpdrnewrufjkerjy/Build/Intermediates.noindex/GeneratedModuleMaps-iphonesimulator/GoogleUtilities-UserDefaults.modulemap -Xcc -fmodule-map-file\=/Users/wilsonlee/Library/Developer/Xcode/DerivedData/SimpleTaskV2-acaltorinktlkpdrnewrufjkerjy/Build/Intermediates.noindex/GeneratedModuleMaps-iphonesimulator/AppCheckCore.modulemap -Xcc -fmodule-map-file\=/Users/wilsonlee/Library/Developer/Xcode/DerivedData/SimpleTaskV2-acaltorinktlkpdrnewrufjkerjy/Build/Intermediates.noindex/GeneratedModuleMaps-iphonesimulator/GTMSessionFetcherCore.modulemap -Xcc -fmodule-map-file\=/Users/wilsonlee/Library/Developer/Xcode/DerivedData/SimpleTaskV2-acaltorinktlkpdrnewrufjkerjy/Build/Intermediates.noindex/GeneratedModuleMaps-iphonesimulator/GoogleSignIn.modulemap -Xcc -D_LIBCPP_HARDENING_MODE\=_LIBCPP_HARDENING_MODE_DEBUG -Xcc -ivfsstatcache -Xcc /Users/wilsonlee/Library/Developer/Xcode/DerivedData/SDKStatCaches.noindex/iphonesimulator26.5-23F73-6cfe768891a92b912361537c460fe42b.sdkstatcache -Xcc -I/Users/wilsonlee/Library/Developer/Xcode/DerivedData/SimpleTaskV2-acaltorinktlkpdrnewrufjkerjy/Build/Intermediates.noindex/SimpleTaskV2.build/Debug-iphonesimulator/SimpleTaskV2.build/swift-overrides.hmap -Xcc -iquote -Xcc /Users/wilsonlee/Library/Developer/Xcode/DerivedData/SimpleTaskV2-acaltorinktlkpdrnewrufjkerjy/Build/Intermediates.noindex/SimpleTaskV2.build/Debug-iphonesimulator/SimpleTaskV2.build/SimpleTaskV2-generated-files.hmap -Xcc -I/Users/wilsonlee/Library/Developer/Xcode/DerivedData/SimpleTaskV2-acaltorinktlkpdrnewrufjkerjy/Build/Intermediates.noindex/SimpleTaskV2.build/Debug-iphonesimulator/SimpleTaskV2.build/SimpleTaskV2-own-target-headers.hmap -Xcc -I/Users/wilsonlee/Library/Developer/Xcode/DerivedData/SimpleTaskV2-acaltorinktlkpdrnewrufjkerjy/Build/Intermediates.noindex/SimpleTaskV2.build/Debug-iphonesimulator/SimpleTaskV2.build/SimpleTaskV2-all-non-framework-target-headers.hmap -Xcc -ivfsoverlay -Xcc /Users/wilsonlee/Library/Developer/Xcode/DerivedData/SimpleTaskV2-acaltorinktlkpdrnewrufjkerjy/Build/Intermediates.noindex/SimpleTaskV2.build/Debug-iphonesimulator/SimpleTaskV2-81d63fc980d5e17c31146e1eefb1776f-VFS-iphonesimulator/all-product-headers.yaml -Xcc -iquote -Xcc /Users/wilsonlee/Library/Developer/Xcode/DerivedData/SimpleTaskV2-acaltorinktlkpdrnewrufjkerjy/Build/Intermediates.noindex/SimpleTaskV2.build/Debug-iphonesimulator/SimpleTaskV2.build/SimpleTaskV2-project-headers.hmap -Xcc -I/Users/wilsonlee/Library/Developer/Xcode/DerivedData/SimpleTaskV2-acaltorinktlkpdrnewrufjkerjy/SourcePackages/checkouts/AppAuth-iOS/Sources/AppAuth -Xcc -I/Users/wilsonlee/Library/Developer/Xcode/DerivedData/SimpleTaskV2-acaltorinktlkpdrnewrufjkerjy/SourcePackages/checkouts/AppAuth-iOS/Sources/AppAuthCore -Xcc -I/Users/wilsonlee/Library/Developer/Xcode/DerivedData/SimpleTaskV2-acaltorinktlkpdrnewrufjkerjy/SourcePackages/checkouts/promises/Sources/FBLPromises/include -Xcc -I/Users/wilsonlee/Library/Developer/Xcode/DerivedData/SimpleTaskV2-acaltorinktlkpdrnewrufjkerjy/SourcePackages/checkouts/GoogleUtilities/GoogleUtilities/Logger/Public -Xcc -I/Users/wilsonlee/Library/Developer/Xcode/DerivedData/SimpleTaskV2-acaltorinktlkpdrnewrufjkerjy/SourcePackages/checkouts/GoogleUtilities/GoogleUtilities/Environment/Public -Xcc -I/Users/wilsonlee/Library/Developer/Xcode/DerivedData/SimpleTaskV2-acaltorinktlkpdrnewrufjkerjy/SourcePackages/checkouts/GoogleUtilities/third_party/IsAppEncrypted/Public -Xcc -I/Users/wilsonlee/Library/Developer/Xcode/DerivedData/SimpleTaskV2-acaltorinktlkpdrnewrufjkerjy/SourcePackages/checkouts/GoogleUtilities/GoogleUtilities/UserDefaults/Public -Xcc -I/Users/wilsonlee/Library/Developer/Xcode/DerivedData/SimpleTaskV2-acaltorinktlkpdrnewrufjkerjy/SourcePackages/checkouts/app-check/AppCheckCore/Sources/Public -Xcc -I/Users/wilsonlee/Library/Developer/Xcode/DerivedData/SimpleTaskV2-acaltorinktlkpdrnewrufjkerjy/SourcePackages/checkouts/gtm-session-fetcher/Sources/Core/Public -Xcc -I/Users/wilsonlee/Library/Developer/Xcode/DerivedData/SimpleTaskV2-acaltorinktlkpdrnewrufjkerjy/SourcePackages/checkouts/GoogleSignIn-iOS/GoogleSignIn/Sources/Public -Xcc -I/Users/wilsonlee/Library/Developer/Xcode/DerivedData/SimpleTaskV2-acaltorinktlkpdrnewrufjkerjy/Build/Products/Debug-iphonesimulator/include -Xcc -I/Users/wilsonlee/Library/Developer/Xcode/DerivedData/SimpleTaskV2-acaltorinktlkpdrnewrufjkerjy/Build/Intermediates.noindex/SimpleTaskV2.build/Debug-iphonesimulator/SimpleTaskV2.build/DerivedSources-normal/arm64 -Xcc -I/Users/wilsonlee/Library/Developer/Xcode/DerivedData/SimpleTaskV2-acaltorinktlkpdrnewrufjkerjy/Build/Intermediates.noindex/SimpleTaskV2.build/Debug-iphonesimulator/SimpleTaskV2.build/DerivedSources/arm64 -Xcc -I/Users/wilsonlee/Library/Developer/Xcode/DerivedData/SimpleTaskV2-acaltorinktlkpdrnewrufjkerjy/Build/Intermediates.noindex/SimpleTaskV2.build/Debug-iphonesimulator/SimpleTaskV2.build/DerivedSources -Xcc -DDEBUG\=1 -no-auto-bridging-header-chaining -module-name SimpleTaskV2 -frontend-parseable-output -disable-clang-spi -clang-target arm64-apple-ios26.5-simulator -target-sdk-version 26.5 -target-sdk-name iphonesimulator26.5 -in-process-plugin-server-path /Applications/Xcode.app/Contents/Developer/Toolchains/XcodeDefault.xctoolchain/usr/lib/swift/host/libSwiftInProcPluginServer.dylib -o /Users/wilsonlee/Library/Developer/Xcode/DerivedData/SimpleTaskV2-acaltorinktlkpdrnewrufjkerjy/Build/Intermediates.noindex/SimpleTaskV2.build/Debug-iphonesimulator/SimpleTaskV2.build/Objects-normal/arm64/InboxView.o -index-unit-output-path /SimpleTaskV2.build/Debug-iphonesimulator/SimpleTaskV2.build/Objects-normal/arm64/InboxView.o -index-store-path /Users/wilsonlee/Library/Developer/Xcode/DerivedData/SimpleTaskV2-acaltorinktlkpdrnewrufjkerjy/Index.noindex/DataStore -index-system-modules
